<html>
<body>
<pre>
<h1>µVision Build Log</h1>
<h2>Tool Versions:</h2>
IDE-Version: µVision V5.17.0.0
Copyright (C) 2015 ARM Ltd and ARM Germany GmbH. All rights reserved.
License Information: Cao Thái Phong, TPEntertaiment, LIC=47GU5-GXK5L-GKGBG-V62DC-Q26WH-4QL8I
 
Tool Versions:
Toolchain:       MDK-ARM Standard  Version: 5.17
Toolchain Path:  D:\ARM\ARMCC\Bin
C Compiler:      Armcc.exe V5.06 update 1 (build 61)
Assembler:       Armasm.exe V5.06 update 1 (build 61)
Linker/Locator:  ArmLink.exe V5.06 update 1 (build 61)
Library Manager: ArmAr.exe V5.06 update 1 (build 61)
Hex Converter:   FromElf.exe V5.06 update 1 (build 61)
CPU DLL:         SARMCM3.DLL V5.17
Dialog DLL:      DCM.DLL V1.13.4.0
Target DLL:      STLink\ST-LINKIII-KEIL_SWO.dll V2.0.18.0
Dialog DLL:      TCM.DLL V1.14.6.0
 
<h2>Project:</h2>
F:\LTNNC_Bai2\STM32F4-LED-HEART\MDK-ARM\STM32F4-LED-HEART.uvprojx
Project File Date:  11/01/2021

<h2>Output:</h2>
*** Using Compiler 'V5.06 update 1 (build 61)', folder: 'D:\ARM\ARMCC\Bin'
Build target 'STM32F4-LED-HEART'
compiling main.c...
../Core/Src/main.c(4): warning:  #1295-D: Deprecated declaration sangall - give arg types
  void sangall();
../Core/Src/main.c(5): warning:  #1295-D: Deprecated declaration tatall - give arg types
  void tatall();
../Core/Src/main.c(6): warning:  #1295-D: Deprecated declaration sangll - give arg types
  void sangll(); //sáng lan luot
../Core/Src/main.c(7): warning:  #1295-D: Deprecated declaration sangtatll - give arg types
  void sangtatll(); //sáng tat lan luot
../Core/Src/main.c(8): warning:  #1295-D: Deprecated declaration chopnhay2lan - give arg types
  void chopnhay2lan();
../Core/Src/main.c(9): warning:  #1295-D: Deprecated declaration chopnhay - give arg types
  void chopnhay();
../Core/Src/main.c(10): warning:  #1295-D: Deprecated declaration sang2ben - give arg types
  void sang2ben();
../Core/Src/main.c(11): warning:  #1295-D: Deprecated declaration sangdacbiet - give arg types
  void sangdacbiet();
../Core/Src/main.c(12): warning:  #1295-D: Deprecated declaration sangmotnua - give arg types
  void sangmotnua();
../Core/Src/main.c: 9 warnings, 0 errors
linking...
Program Size: Code=6460 RO-data=440 RW-data=16 ZI-data=1024  
FromELF: creating hex file...
"STM32F4-LED-HEART\STM32F4-LED-HEART.axf" - 0 Error(s), 9 Warning(s).

<h2>Software Packages used:</h2>

Package Vendor: ARM
                http://www.keil.com/pack/ARM.CMSIS.4.5.0.pack
                ARM::CMSIS:CORE:4.3.0
                CMSIS (Cortex Microcontroller Software Interface Standard)
   * Component: CORE Version: 4.3.0

<h2>Collection of Component include folders:</h2>
  F:\LTNNC_Bai2\STM32F4-LED-HEART\MDK-ARM\RTE
  D:\ARM\PACK\ARM\CMSIS\4.5.0\CMSIS\Include
  D:\ARM\PACK\Keil\STM32F4xx_DFP\2.14.0\Drivers\CMSIS\Device\ST\STM32F4xx\Include

<h2>Collection of Component Files used:</h2>

   * Component: ARM::CMSIS:CORE:4.3.0
Build Time Elapsed:  00:00:27
</pre>
</body>
</html>
