<html>
<body>
<pre>
<h1>µVision Build Log</h1>
<h2>Tool Versions:</h2>
IDE-Version: µVision V5.17.0.0
Copyright (C) 2015 ARM Ltd and ARM Germany GmbH. All rights reserved.
License Information: Cao Thái Phong, TPEntertaiment, LIC=47GU5-GXK5L-GKGBG-V62DC-Q26WH-4QL8I
 
Tool Versions:
Toolchain:       MDK-ARM Standard  Version: 5.17
Toolchain Path:  D:\ARM\ARMCC\Bin
C Compiler:      Armcc.exe V5.06 update 1 (build 61)
Assembler:       Armasm.exe V5.06 update 1 (build 61)
Linker/Locator:  ArmLink.exe V5.06 update 1 (build 61)
Library Manager: ArmAr.exe V5.06 update 1 (build 61)
Hex Converter:   FromElf.exe V5.06 update 1 (build 61)
CPU DLL:         SARMCM3.DLL V5.17
Dialog DLL:      DCM.DLL V1.13.4.0
Target DLL:      STLink\ST-LINKIII-KEIL_SWO.dll V2.0.18.0
Dialog DLL:      TCM.DLL V1.14.6.0
 
<h2>Project:</h2>
C:\Users\admin.pc\Documents\LCD\lcd1\MDK-ARM\lcd1.uvprojx
Project File Date:  11/17/2021

<h2>Output:</h2>
*** Using Compiler 'V5.06 update 1 (build 61)', folder: 'D:\ARM\ARMCC\Bin'
Build target 'lcd1'
assembling startup_stm32f103x6.s...
compiling stm32f1xx_hal_msp.c...
compiling stm32f1xx_it.c...
compiling main.c...
../Core/Src/main.c(24): warning:  #188-D: enumerated type mixed with another type
      HAL_GPIO_WritePin(
PIOA,
PIO_PIN_1|
PIO_PIN_2|
PIO_PIN_3,1);
../Core/Src/main.c(26): warning:  #188-D: enumerated type mixed with another type
  		HAL_GPIO_WritePin(
PIOA,
PIO_PIN_1|
PIO_PIN_2|
PIO_PIN_3,0);
../Core/Src/main.c: 2 warnings, 0 errors
compiling lcd_txt.c...
compiling stm32f1xx_hal_tim.c...
compiling stm32f1xx_hal_gpio_ex.c...
compiling stm32f1xx_hal_tim_ex.c...
compiling stm32f1xx_hal_rcc.c...
compiling stm32f1xx_hal.c...
compiling stm32f1xx_hal_gpio.c...
compiling stm32f1xx_hal_rcc_ex.c...
compiling stm32f1xx_hal_dma.c...
compiling stm32f1xx_hal_cortex.c...
compiling stm32f1xx_hal_flash.c...
compiling stm32f1xx_hal_pwr.c...
compiling system_stm32f1xx.c...
compiling stm32f1xx_hal_exti.c...
compiling stm32f1xx_hal_flash_ex.c...
linking...
Program Size: Code=2992 RO-data=284 RW-data=16 ZI-data=1024  
FromELF: creating hex file...
"lcd1\lcd1.axf" - 0 Error(s), 2 Warning(s).

<h2>Software Packages used:</h2>

Package Vendor: ARM
                http://www.keil.com/pack/ARM.CMSIS.4.5.0.pack
                ARM::CMSIS:CORE:4.3.0
                CMSIS (Cortex Microcontroller Software Interface Standard)
   * Component: CORE Version: 4.3.0

<h2>Collection of Component include folders:</h2>
  C:\Users\admin.pc\Documents\LCD\lcd1\MDK-ARM\RTE
  D:\ARM\PACK\ARM\CMSIS\4.5.0\CMSIS\Include

<h2>Collection of Component Files used:</h2>

   * Component: ARM::CMSIS:CORE:4.3.0
Build Time Elapsed:  00:00:19
</pre>
</body>
</html>
